../Core/Lib/ili9341.c:9:6:HAL_SPI_TxCpltCallback	16	static
../Core/Lib/ili9341.c:22:13:ILI9341_Select	8	static
../Core/Lib/ili9341.c:26:6:ILI9341_Unselect	8	static
../Core/Lib/ili9341.c:30:13:ILI9341_Reset	8	static
../Core/Lib/ili9341.c:36:13:ILI9341_WriteCommand	16	static
../Core/Lib/ili9341.c:41:13:ILI9341_WriteImgData	16	static
../Core/Lib/ili9341.c:53:13:ILI9341_WriteData	24	static
../Core/Lib/ili9341.c:65:13:ILI9341_SetAddressWindow	32	static
../Core/Lib/ili9341.c:84:6:ILI9341_Init	120	static
../Core/Lib/ili9341.c:239:6:ILI9341_DrawPixel	24	static
../Core/Lib/ili9341.c:252:13:ILI9341_WriteChar	40	static
../Core/Lib/ili9341.c:271:6:ILI9341_WriteString	32	static
../Core/Lib/ili9341.c:297:6:ILI9341_FillRectangle	32	static
../Core/Lib/ili9341.c:319:6:ILI9341_FillScreen	24	static
../Core/Lib/ili9341.c:323:6:ILI9341_DrawImage	24	static
../Core/Lib/ili9341.c:334:6:ILI9341_DrawImage8	24	static
../Core/Lib/ili9341.c:346:6:ILI9341_InvertColors	16	static
