../Src/driver/FND/FND.c:12:6:FND_writeData	16	static
../Src/driver/FND/FND.c:17:10:FND_readData	4	static
../Src/driver/FND/FND.c:31:6:FND_init	8	static
../Src/driver/FND/FND.c:60:6:FND_DispData	8	static
../Src/driver/FND/FND.c:92:6:FND_DispData_DOT	16	static
../Src/driver/FND/FND.c:148:6:FND_DispOff	16	static
../Src/driver/FND/FND.c:153:6:FND_DispOn	16	static
../Src/driver/FND/FND.c:159:6:FND_DispOffAll	16	static
../Src/driver/FND/FND.c:168:6:FND_DispDigit	32	static
../Src/driver/FND/FND.c:198:6:FND_DispDigit_Dot	32	static
