../Core/ap/src/Controller.c:24:6:Controller_Excute	8	static
../Core/ap/src/Controller.c:39:6:Controller_SetInputData	8	static
../Core/ap/src/Controller.c:76:6:Controller_UpdateFeedTimer	4	static
../Core/ap/src/Controller.c:84:10:Controller_CalcFeedMotorDuration	4	static
../Core/ap/src/Controller.c:92:9:Controller_CheckFeedRemainAlarm	16	static
../Core/ap/src/Controller.c:98:9:Controller_CheckEnvironmentStatus	16	static
../Core/ap/src/Controller.c:107:6:Control_Input_FSM	8	static
../Core/ap/src/Controller.c:199:6:Control_TOP_FSM	8	static
../Core/ap/src/Controller.c:237:6:SetFeedTimeOutFlag	16	static
../Core/ap/src/Controller.c:243:13:FSM_StateToString	16	static
../Core/ap/src/Controller.c:255:21:Controller_GetOutput	4	static
../Core/ap/src/Controller.c:260:22:Controller_GetFlags	4	static
../Core/ap/src/Controller.c:266:10:Read_Temp	4	static
../Core/ap/src/Controller.c:271:10:Read_Humid	4	static
