../Core/ap/src/Presenter.c:37:6:Presenter_Excute	16	static
../Core/ap/src/Presenter.c:64:6:Presenter_DispFeedStateFND	8	static
../Core/ap/src/Presenter.c:87:6:Presenter_DispFeedStateLCD	128	static
../Core/ap/src/Presenter.c:131:6:Presenter_DispFeedStateUART	112	static
../Core/ap/src/Presenter.c:172:6:Presenter_Init	8	static
../Core/ap/src/Presenter.c:180:6:Presenter_OutData	16	static
../Core/ap/src/Presenter.c:188:6:Presenter_DispTimeWatch	16	static
../Core/ap/src/Presenter.c:194:6:Presenter_DispStopWatch	16	static
../Core/ap/src/Presenter.c:202:6:Presenter_DispFndTimeWatch	16	static
../Core/ap/src/Presenter.c:216:6:Presenter_DispFndStopWatch	16	static
../Core/ap/src/Presenter.c:237:6:Presenter_DispMonitorTimeWatch	88	static
../Core/ap/src/Presenter.c:244:6:Presenter_DispMonitorStopWatch	88	static
../Core/ap/src/Presenter.c:251:6:Presenter_DispLCDStopWatch	88	static
../Core/ap/src/Presenter.c:258:6:Presenter_DispLCDTimeWatch	88	static
