../Core/ap/src/Presenter.c:23:6:Presenter_Init	8	static
../Core/ap/src/Presenter.c:29:6:Presenter_OutData	16	static
../Core/ap/src/Presenter.c:34:6:Presenter_Excute	8	static
../Core/ap/src/Presenter.c:50:6:Presenter_DispTimeWatch	16	static
../Core/ap/src/Presenter.c:56:6:Presenter_DispStopWatch	16	static
../Core/ap/src/Presenter.c:64:6:Presenter_DispFndTimeWatch	16	static
../Core/ap/src/Presenter.c:78:6:Presenter_DispFndStopWatch	16	static
../Core/ap/src/Presenter.c:99:6:Presenter_DispMonitorTimeWatch	88	static
../Core/ap/src/Presenter.c:106:6:Presenter_DispMonitorStopWatch	88	static
