../Core/driver/LCD/lcd.c:37:6:LCD_Init	16	static
../Core/driver/LCD/lcd.c:57:6:LCD_sendI2C	24	static
../Core/driver/LCD/lcd.c:62:6:LCD_backLightOn	4	static
../Core/driver/LCD/lcd.c:67:6:LCD_backLightOff	4	static
../Core/driver/LCD/lcd.c:72:6:LCD_cmdMode	8	static
../Core/driver/LCD/lcd.c:78:6:LCD_charMode	8	static
../Core/driver/LCD/lcd.c:84:6:LCD_clear	8	static
../Core/driver/LCD/lcd.c:91:6:LCD_writeMode	8	static
../Core/driver/LCD/lcd.c:97:6:LCD_E_High	8	static
../Core/driver/LCD/lcd.c:103:6:LCD_E_Low	8	static
../Core/driver/LCD/lcd.c:109:6:LCD_sendNibbleData	16	static
../Core/driver/LCD/lcd.c:117:6:LCD_sendData	16	static
../Core/driver/LCD/lcd.c:127:6:LCD_writeCmdData	16	static
../Core/driver/LCD/lcd.c:134:6:LCD_writeCharData	16	static
../Core/driver/LCD/lcd.c:141:6:LCD_writeString	24	static
../Core/driver/LCD/lcd.c:148:6:LCD_gotoXY	24	static
../Core/driver/LCD/lcd.c:158:6:LCD_writeStringXY	16	static
