../Core/Lib/ili9341/ili9341.c:14:6:HAL_SPI_TxCpltCallback	40	static
../Core/Lib/ili9341/ili9341.c:39:13:ILI9341_Select	8	static
../Core/Lib/ili9341/ili9341.c:44:6:ILI9341_Unselect	8	static
../Core/Lib/ili9341/ili9341.c:49:13:ILI9341_Reset	8	static
../Core/Lib/ili9341/ili9341.c:55:13:ILI9341_WriteCommand	16	static
../Core/Lib/ili9341/ili9341.c:60:6:ILI9341_WriteImgData	16	static
../Core/Lib/ili9341/ili9341.c:72:13:ILI9341_WriteData	24	static
../Core/Lib/ili9341/ili9341.c:84:6:ILI9341_SetAddressWindow	32	static
../Core/Lib/ili9341/ili9341.c:103:6:ILI9341_Init	120	static
../Core/Lib/ili9341/ili9341.c:258:6:ILI9341_DrawPixel	24	static
../Core/Lib/ili9341/ili9341.c:271:13:ILI9341_WriteChar	40	static
../Core/Lib/ili9341/ili9341.c:290:6:ILI9341_WriteString	32	static
../Core/Lib/ili9341/ili9341.c:316:6:ILI9341_FillRectangle	32	static
../Core/Lib/ili9341/ili9341.c:338:6:ILI9341_FillScreen	24	static
../Core/Lib/ili9341/ili9341.c:342:6:ILI9341_DrawImage	40	static
../Core/Lib/ili9341/ili9341.c:370:6:ILI9341_DrawImage8	40	static
../Core/Lib/ili9341/ili9341.c:397:6:ILI9341_InvertColors	16	static
