16:38:20 **** Build of configuration Debug for project 20250620_FND_TIM_interrupt ****
make -j16 all 
arm-none-eabi-gcc -mcpu=cortex-m4 -g3 -DDEBUG -c -I"C:/stm32_Harman/20250620_FND_TIM_interrupt/Src/driver/button" -I"C:/stm32_Harman/20250620_FND_TIM_interrupt/Src/driver/FND" -I"C:/stm32_Harman/20250620_FND_TIM_interrupt/Src/driver/GPIO" -I"C:/stm32_Harman/20250620_FND_TIM_interrupt/Src/driver/LedBar" -I"C:/stm32_Harman/20250620_FND_TIM_interrupt/Src/driver/SystemClock" -I"C:/stm32_Harman/20250620_FND_TIM_interrupt/Src/ap" -I"C:/stm32_Harman/20250620_FND_TIM_interrupt/Src/driver/TIM" -I"C:/stm32_Harman/20250620_FND_TIM_interrupt/Src/driver/SysTick" -x assembler-with-cpp -MMD -MP -MF"Startup/startup_stm32f411retx.d" -MT"Startup/startup_stm32f411retx.o" --specs=nano.specs -mfpu=fpv4-sp-d16 -mfloat-abi=hard -mthumb -o "Startup/startup_stm32f411retx.o" "../Startup/startup_stm32f411retx.s"
arm-none-eabi-gcc "../Src/driver/button/button.c" -mcpu=cortex-m4 -std=gnu11 -g3 -DDEBUG -DSTM32F411xE -DSTM32 -DSTM32F4 -DSTM32F411RETx -c -I../Inc -I"C:/stm32_Harman/20250620_FND_TIM_interrupt/Src/driver/button" -I"C:/stm32_Harman/20250620_FND_TIM_interrupt/Src/driver/FND" -I"C:/stm32_Harman/20250620_FND_TIM_interrupt/Src/driver/GPIO" -I"C:/stm32_Harman/20250620_FND_TIM_interrupt/Src/driver/LedBar" -I"C:/stm32_Harman/20250620_FND_TIM_interrupt/Src/driver/SystemClock" -I"C:/stm32_Harman/20250620_FND_TIM_interrupt/Src/ap" -I"C:/stm32_Harman/20250620_FND_TIM_interrupt/Src/driver/TIM" -I"C:/stm32_Harman/20250620_FND_TIM_interrupt/Src/driver/SysTick" -O0 -ffunction-sections -fdata-sections -Wall -fstack-usage -fcyclomatic-complexity -MMD -MP -MF"Src/driver/button/button.d" -MT"Src/driver/button/button.o" --specs=nano.specs -mfpu=fpv4-sp-d16 -mfloat-abi=hard -mthumb -o "Src/driver/button/button.o"
arm-none-eabi-gcc "../Src/driver/TIM/TIM.c" -mcpu=cortex-m4 -std=gnu11 -g3 -DDEBUG -DSTM32F411xE -DSTM32 -DSTM32F4 -DSTM32F411RETx -c -I../Inc -I"C:/stm32_Harman/20250620_FND_TIM_interrupt/Src/driver/button" -I"C:/stm32_Harman/20250620_FND_TIM_interrupt/Src/driver/FND" -I"C:/stm32_Harman/20250620_FND_TIM_interrupt/Src/driver/GPIO" -I"C:/stm32_Harman/20250620_FND_TIM_interrupt/Src/driver/LedBar" -I"C:/stm32_Harman/20250620_FND_TIM_interrupt/Src/driver/SystemClock" -I"C:/stm32_Harman/20250620_FND_TIM_interrupt/Src/ap" -I"C:/stm32_Harman/20250620_FND_TIM_interrupt/Src/driver/TIM" -I"C:/stm32_Harman/20250620_FND_TIM_interrupt/Src/driver/SysTick" -O0 -ffunction-sections -fdata-sections -Wall -fstack-usage -fcyclomatic-complexity -MMD -MP -MF"Src/driver/TIM/TIM.d" -MT"Src/driver/TIM/TIM.o" --specs=nano.specs -mfpu=fpv4-sp-d16 -mfloat-abi=hard -mthumb -o "Src/driver/TIM/TIM.o"
arm-none-eabi-gcc "../Src/driver/SystemClock/SystemClock.c" -mcpu=cortex-m4 -std=gnu11 -g3 -DDEBUG -DSTM32F411xE -DSTM32 -DSTM32F4 -DSTM32F411RETx -c -I../Inc -I"C:/stm32_Harman/20250620_FND_TIM_interrupt/Src/driver/button" -I"C:/stm32_Harman/20250620_FND_TIM_interrupt/Src/driver/FND" -I"C:/stm32_Harman/20250620_FND_TIM_interrupt/Src/driver/GPIO" -I"C:/stm32_Harman/20250620_FND_TIM_interrupt/Src/driver/LedBar" -I"C:/stm32_Harman/20250620_FND_TIM_interrupt/Src/driver/SystemClock" -I"C:/stm32_Harman/20250620_FND_TIM_interrupt/Src/ap" -I"C:/stm32_Harman/20250620_FND_TIM_interrupt/Src/driver/TIM" -I"C:/stm32_Harman/20250620_FND_TIM_interrupt/Src/driver/SysTick" -O0 -ffunction-sections -fdata-sections -Wall -fstack-usage -fcyclomatic-complexity -MMD -MP -MF"Src/driver/SystemClock/SystemClock.d" -MT"Src/driver/SystemClock/SystemClock.o" --specs=nano.specs -mfpu=fpv4-sp-d16 -mfloat-abi=hard -mthumb -o "Src/driver/SystemClock/SystemClock.o"
arm-none-eabi-gcc "../Src/driver/SysTick/SysTick.c" -mcpu=cortex-m4 -std=gnu11 -g3 -DDEBUG -DSTM32F411xE -DSTM32 -DSTM32F4 -DSTM32F411RETx -c -I../Inc -I"C:/stm32_Harman/20250620_FND_TIM_interrupt/Src/driver/button" -I"C:/stm32_Harman/20250620_FND_TIM_interrupt/Src/driver/FND" -I"C:/stm32_Harman/20250620_FND_TIM_interrupt/Src/driver/GPIO" -I"C:/stm32_Harman/20250620_FND_TIM_interrupt/Src/driver/LedBar" -I"C:/stm32_Harman/20250620_FND_TIM_interrupt/Src/driver/SystemClock" -I"C:/stm32_Harman/20250620_FND_TIM_interrupt/Src/ap" -I"C:/stm32_Harman/20250620_FND_TIM_interrupt/Src/driver/TIM" -I"C:/stm32_Harman/20250620_FND_TIM_interrupt/Src/driver/SysTick" -O0 -ffunction-sections -fdata-sections -Wall -fstack-usage -fcyclomatic-complexity -MMD -MP -MF"Src/driver/SysTick/SysTick.d" -MT"Src/driver/SysTick/SysTick.o" --specs=nano.specs -mfpu=fpv4-sp-d16 -mfloat-abi=hard -mthumb -o "Src/driver/SysTick/SysTick.o"
arm-none-eabi-gcc "../Src/driver/LedBar/LedBar.c" -mcpu=cortex-m4 -std=gnu11 -g3 -DDEBUG -DSTM32F411xE -DSTM32 -DSTM32F4 -DSTM32F411RETx -c -I../Inc -I"C:/stm32_Harman/20250620_FND_TIM_interrupt/Src/driver/button" -I"C:/stm32_Harman/20250620_FND_TIM_interrupt/Src/driver/FND" -I"C:/stm32_Harman/20250620_FND_TIM_interrupt/Src/driver/GPIO" -I"C:/stm32_Harman/20250620_FND_TIM_interrupt/Src/driver/LedBar" -I"C:/stm32_Harman/20250620_FND_TIM_interrupt/Src/driver/SystemClock" -I"C:/stm32_Harman/20250620_FND_TIM_interrupt/Src/ap" -I"C:/stm32_Harman/20250620_FND_TIM_interrupt/Src/driver/TIM" -I"C:/stm32_Harman/20250620_FND_TIM_interrupt/Src/driver/SysTick" -O0 -ffunction-sections -fdata-sections -Wall -fstack-usage -fcyclomatic-complexity -MMD -MP -MF"Src/driver/LedBar/LedBar.d" -MT"Src/driver/LedBar/LedBar.o" --specs=nano.specs -mfpu=fpv4-sp-d16 -mfloat-abi=hard -mthumb -o "Src/driver/LedBar/LedBar.o"
arm-none-eabi-gcc "../Src/driver/GPIO/GPIO.c" -mcpu=cortex-m4 -std=gnu11 -g3 -DDEBUG -DSTM32F411xE -DSTM32 -DSTM32F4 -DSTM32F411RETx -c -I../Inc -I"C:/stm32_Harman/20250620_FND_TIM_interrupt/Src/driver/button" -I"C:/stm32_Harman/20250620_FND_TIM_interrupt/Src/driver/FND" -I"C:/stm32_Harman/20250620_FND_TIM_interrupt/Src/driver/GPIO" -I"C:/stm32_Harman/20250620_FND_TIM_interrupt/Src/driver/LedBar" -I"C:/stm32_Harman/20250620_FND_TIM_interrupt/Src/driver/SystemClock" -I"C:/stm32_Harman/20250620_FND_TIM_interrupt/Src/ap" -I"C:/stm32_Harman/20250620_FND_TIM_interrupt/Src/driver/TIM" -I"C:/stm32_Harman/20250620_FND_TIM_interrupt/Src/driver/SysTick" -O0 -ffunction-sections -fdata-sections -Wall -fstack-usage -fcyclomatic-complexity -MMD -MP -MF"Src/driver/GPIO/GPIO.d" -MT"Src/driver/GPIO/GPIO.o" --specs=nano.specs -mfpu=fpv4-sp-d16 -mfloat-abi=hard -mthumb -o "Src/driver/GPIO/GPIO.o"
arm-none-eabi-gcc "../Src/driver/FND/FND.c" -mcpu=cortex-m4 -std=gnu11 -g3 -DDEBUG -DSTM32F411xE -DSTM32 -DSTM32F4 -DSTM32F411RETx -c -I../Inc -I"C:/stm32_Harman/20250620_FND_TIM_interrupt/Src/driver/button" -I"C:/stm32_Harman/20250620_FND_TIM_interrupt/Src/driver/FND" -I"C:/stm32_Harman/20250620_FND_TIM_interrupt/Src/driver/GPIO" -I"C:/stm32_Harman/20250620_FND_TIM_interrupt/Src/driver/LedBar" -I"C:/stm32_Harman/20250620_FND_TIM_interrupt/Src/driver/SystemClock" -I"C:/stm32_Harman/20250620_FND_TIM_interrupt/Src/ap" -I"C:/stm32_Harman/20250620_FND_TIM_interrupt/Src/driver/TIM" -I"C:/stm32_Harman/20250620_FND_TIM_interrupt/Src/driver/SysTick" -O0 -ffunction-sections -fdata-sections -Wall -fstack-usage -fcyclomatic-complexity -MMD -MP -MF"Src/driver/FND/FND.d" -MT"Src/driver/FND/FND.o" --specs=nano.specs -mfpu=fpv4-sp-d16 -mfloat-abi=hard -mthumb -o "Src/driver/FND/FND.o"
arm-none-eabi-gcc "../Src/ap/ap_main.c" -mcpu=cortex-m4 -std=gnu11 -g3 -DDEBUG -DSTM32F411xE -DSTM32 -DSTM32F4 -DSTM32F411RETx -c -I../Inc -I"C:/stm32_Harman/20250620_FND_TIM_interrupt/Src/driver/button" -I"C:/stm32_Harman/20250620_FND_TIM_interrupt/Src/driver/FND" -I"C:/stm32_Harman/20250620_FND_TIM_interrupt/Src/driver/GPIO" -I"C:/stm32_Harman/20250620_FND_TIM_interrupt/Src/driver/LedBar" -I"C:/stm32_Harman/20250620_FND_TIM_interrupt/Src/driver/SystemClock" -I"C:/stm32_Harman/20250620_FND_TIM_interrupt/Src/ap" -I"C:/stm32_Harman/20250620_FND_TIM_interrupt/Src/driver/TIM" -I"C:/stm32_Harman/20250620_FND_TIM_interrupt/Src/driver/SysTick" -O0 -ffunction-sections -fdata-sections -Wall -fstack-usage -fcyclomatic-complexity -MMD -MP -MF"Src/ap/ap_main.d" -MT"Src/ap/ap_main.o" --specs=nano.specs -mfpu=fpv4-sp-d16 -mfloat-abi=hard -mthumb -o "Src/ap/ap_main.o"
arm-none-eabi-gcc "../Src/main.c" -mcpu=cortex-m4 -std=gnu11 -g3 -DDEBUG -DSTM32F411xE -DSTM32 -DSTM32F4 -DSTM32F411RETx -c -I../Inc -I"C:/stm32_Harman/20250620_FND_TIM_interrupt/Src/driver/button" -I"C:/stm32_Harman/20250620_FND_TIM_interrupt/Src/driver/FND" -I"C:/stm32_Harman/20250620_FND_TIM_interrupt/Src/driver/GPIO" -I"C:/stm32_Harman/20250620_FND_TIM_interrupt/Src/driver/LedBar" -I"C:/stm32_Harman/20250620_FND_TIM_interrupt/Src/driver/SystemClock" -I"C:/stm32_Harman/20250620_FND_TIM_interrupt/Src/ap" -I"C:/stm32_Harman/20250620_FND_TIM_interrupt/Src/driver/TIM" -I"C:/stm32_Harman/20250620_FND_TIM_interrupt/Src/driver/SysTick" -O0 -ffunction-sections -fdata-sections -Wall -fstack-usage -fcyclomatic-complexity -MMD -MP -MF"Src/main.d" -MT"Src/main.o" --specs=nano.specs -mfpu=fpv4-sp-d16 -mfloat-abi=hard -mthumb -o "Src/main.o"
arm-none-eabi-gcc "../Src/syscalls.c" -mcpu=cortex-m4 -std=gnu11 -g3 -DDEBUG -DSTM32F411xE -DSTM32 -DSTM32F4 -DSTM32F411RETx -c -I../Inc -I"C:/stm32_Harman/20250620_FND_TIM_interrupt/Src/driver/button" -I"C:/stm32_Harman/20250620_FND_TIM_interrupt/Src/driver/FND" -I"C:/stm32_Harman/20250620_FND_TIM_interrupt/Src/driver/GPIO" -I"C:/stm32_Harman/20250620_FND_TIM_interrupt/Src/driver/LedBar" -I"C:/stm32_Harman/20250620_FND_TIM_interrupt/Src/driver/SystemClock" -I"C:/stm32_Harman/20250620_FND_TIM_interrupt/Src/ap" -I"C:/stm32_Harman/20250620_FND_TIM_interrupt/Src/driver/TIM" -I"C:/stm32_Harman/20250620_FND_TIM_interrupt/Src/driver/SysTick" -O0 -ffunction-sections -fdata-sections -Wall -fstack-usage -fcyclomatic-complexity -MMD -MP -MF"Src/syscalls.d" -MT"Src/syscalls.o" --specs=nano.specs -mfpu=fpv4-sp-d16 -mfloat-abi=hard -mthumb -o "Src/syscalls.o"
arm-none-eabi-gcc "../Src/sysmem.c" -mcpu=cortex-m4 -std=gnu11 -g3 -DDEBUG -DSTM32F411xE -DSTM32 -DSTM32F4 -DSTM32F411RETx -c -I../Inc -I"C:/stm32_Harman/20250620_FND_TIM_interrupt/Src/driver/button" -I"C:/stm32_Harman/20250620_FND_TIM_interrupt/Src/driver/FND" -I"C:/stm32_Harman/20250620_FND_TIM_interrupt/Src/driver/GPIO" -I"C:/stm32_Harman/20250620_FND_TIM_interrupt/Src/driver/LedBar" -I"C:/stm32_Harman/20250620_FND_TIM_interrupt/Src/driver/SystemClock" -I"C:/stm32_Harman/20250620_FND_TIM_interrupt/Src/ap" -I"C:/stm32_Harman/20250620_FND_TIM_interrupt/Src/driver/TIM" -I"C:/stm32_Harman/20250620_FND_TIM_interrupt/Src/driver/SysTick" -O0 -ffunction-sections -fdata-sections -Wall -fstack-usage -fcyclomatic-complexity -MMD -MP -MF"Src/sysmem.d" -MT"Src/sysmem.o" --specs=nano.specs -mfpu=fpv4-sp-d16 -mfloat-abi=hard -mthumb -o "Src/sysmem.o"
../Src/driver/SysTick/SysTick.c: In function 'incTick':
../Src/driver/SysTick/SysTick.c:21:1: warning: control reaches end of non-void function [-Wreturn-type]
   21 | }
      | ^
../Src/ap/ap_main.c: In function 'ap_main':
../Src/ap/ap_main.c:54:18: warning: unused variable 'clock_state' [-Wunused-variable]
   54 |         uint32_t clock_state = 0;
      |                  ^~~~~~~~~~~
../Src/ap/ap_main.c:47:17: warning: variable 'data' set but not used [-Wunused-but-set-variable]
   47 |         uint8_t data = 1;
      |                 ^~~~
arm-none-eabi-gcc -o "20250620_FND_TIM_interrupt.elf" @"objects.list"   -mcpu=cortex-m4 -T"C:\stm32_Harman\20250620_FND_TIM_interrupt\STM32F411RETX_FLASH.ld" --specs=nosys.specs -Wl,-Map="20250620_FND_TIM_interrupt.map" -Wl,--gc-sections -static --specs=nano.specs -mfpu=fpv4-sp-d16 -mfloat-abi=hard -mthumb -Wl,--start-group -lc -lm -Wl,--end-group
Finished building target: 20250620_FND_TIM_interrupt.elf
 
arm-none-eabi-size  20250620_FND_TIM_interrupt.elf 
arm-none-eabi-objdump -h -S 20250620_FND_TIM_interrupt.elf  > "20250620_FND_TIM_interrupt.list"
   text	   data	    bss	    dec	    hex	filename
   3948	     96	   1640	   5684	   1634	20250620_FND_TIM_interrupt.elf
Finished building: default.size.stdout
 
Finished building: 20250620_FND_TIM_interrupt.list
 

16:38:21 Build Finished. 0 errors, 3 warnings. (took 647ms)

