12:35:21 **** Incremental Build of configuration Debug for project 20250625_TimeWatch_StopWatch ****
make -j16 all 
arm-none-eabi-gcc "../Core/ap/src/ap_main.c" -mcpu=cortex-m4 -std=gnu11 -g3 -DDEBUG -DUSE_HAL_DRIVER -DSTM32F411xE -c -I../Core/Inc -I../Drivers/STM32F4xx_HAL_Driver/Inc -I../Drivers/STM32F4xx_HAL_Driver/Inc/Legacy -I../Drivers/CMSIS/Device/ST/STM32F4xx/Include -I../Drivers/CMSIS/Include -I"C:/stm32_Harman/20250625_TimeWatch_StopWatch/Core/ap" -I"C:/stm32_Harman/20250625_TimeWatch_StopWatch/Core/driver" -I"C:/stm32_Harman/20250625_TimeWatch_StopWatch/Core/driver/FND" -I"C:/stm32_Harman/20250625_TimeWatch_StopWatch/Core/driver/LedBar" -I"C:/stm32_Harman/20250625_TimeWatch_StopWatch/Core/ap/inc" -I"C:/stm32_Harman/20250625_TimeWatch_StopWatch/Core/ap/src" -I"C:/stm32_Harman/20250625_TimeWatch_StopWatch/Core/driver/LCD" -I"C:/stm32_Harman/20250625_TimeWatch_StopWatch/Core/driver/Button" -I"C:/stm32_Harman/20250625_TimeWatch_StopWatch/Core/driver/buzzer" -I"C:/stm32_Harman/20250625_TimeWatch_StopWatch/Core/driver/motor" -I"C:/stm32_Harman/20250625_TimeWatch_StopWatch/Core/driver/DHT11" -O0 -ffunction-sections -fdata-sections -Wall -fstack-usage -fcyclomatic-complexity -MMD -MP -MF"Core/ap/src/ap_main.d" -MT"Core/ap/src/ap_main.o" --specs=nano.specs -mfpu=fpv4-sp-d16 -mfloat-abi=hard -mthumb -o "Core/ap/src/ap_main.o"
../Core/ap/src/ap_main.c: In function 'ap_main':
../Core/ap/src/ap_main.c:38:7: warning: implicit declaration of function 'DHT11_ReadData'; did you mean 'FND_ReadData'? [-Wimplicit-function-declaration]
   38 |       DHT11_ReadData(&humidity, &temperature);
      |       ^~~~~~~~~~~~~~
      |       FND_ReadData
arm-none-eabi-gcc -o "20250625_TimeWatch_StopWatch.elf" @"objects.list"   -mcpu=cortex-m4 -T"C:\stm32_Harman\20250625_TimeWatch_StopWatch\STM32F411RETX_FLASH.ld" --specs=nosys.specs -Wl,-Map="20250625_TimeWatch_StopWatch.map" -Wl,--gc-sections -static --specs=nano.specs -mfpu=fpv4-sp-d16 -mfloat-abi=hard -mthumb -Wl,--start-group -lc -lm -Wl,--end-group
Finished building target: 20250625_TimeWatch_StopWatch.elf
 
arm-none-eabi-size  20250625_TimeWatch_StopWatch.elf 
arm-none-eabi-objdump -h -S 20250625_TimeWatch_StopWatch.elf  > "20250625_TimeWatch_StopWatch.list"
   text	   data	    bss	    dec	    hex	filename
  26948	    216	   2528	  29692	   73fc	20250625_TimeWatch_StopWatch.elf
Finished building: default.size.stdout
 
Finished building: 20250625_TimeWatch_StopWatch.list
 

12:35:22 Build Finished. 0 errors, 1 warnings. (took 598ms)

